// Jest Snapshot v1, https://goo.gl/fbAQLP

exports[`<Home /> should match to snapshot 1`] = `ShallowWrapper {}`;
